=== 2026-08-19T01:38:21+01:00 starting cell 0p01 ===
guarded_run: START MemAvailable=12916MB oom_score_adj=500 -- timeout 2400 .venv/bin/python -m rngrn.cli --runs-root experiments/claim5_obs_noise/sigma_0p01 target-report --config configs/nc1_m3_registry.yaml --dataset-id three_gene_qvar --sample-key sample_0001 --form nc1 --seeds 0 1 2 3 4 5 6 7 --workers 4 -o train.batched=true -o train.device=cuda -o model.dispersion_backend=cubic -o train.n_restarts=64 -o train.lbfgs_steps=0 -o train.adam_steps=400 -o loss.weights.param_prior=1.0 -o loss.weights.turing=8.0 -o loss.weights.kstar=8.0 -o data.obs_noise_sigma=0.01 -o data.obs_noise_seed=4201
{
  "report_id": "target_report_nc1_m3_registry_20260819_004735",
  "git_sha": "1c04623",
  "config_id": "70c59a2b39bb",
  "frozen_config": "data:\n  source: registry\n  system: schnakenberg\n  dataset_hash: null\n  cache_root: data/cache\n  datasets_root: data/datasets\n  dataset_id: three_gene_qvar\n  hdf5_path: null\n  sample_key: sample_0001\n  L: 100.0\n  L_override: null\n  resolution: 128\n  T_max: 4000.0\n  dt: 0.1\n  seed: 0\n  obs_noise_sigma: 0.01\n  obs_noise_seed: 4201\nmodel:\n  architecture: gated_promoter\n  N: 3\n  m: 3\n  form: nc1\n  n_hill: 2\n  seed: null\n  observed_idx:\n  - 0\n  - 1\n  - 2\n  nondim: false\n  dispersion_backend: cubic\n  init: default\n  d_init_from_kstar: false\nloss:\n  weights:\n    kstar: 8.0\n    turing: 8.0\n    resid: 0.0\n    anticollapse: 0.5\n    anchor: 2.0\n    morphology: 0.1\n    param_prior: 1.0\n  strategy: fixed\n  tau: 0.12\n  jac_floor: 1.0\n  split_hinges: true\n  hinge_k_min_frac: 0.1\n  staging_keys:\n  - turing\n  staging_off_frac: 0.25\n  staging_ramp_frac: 0.25\n  detach_xstar: false\n  dratio_centre: 7.5\n  dratio_spread: 1.0\n  bio_box_path: configs/bio_box.yaml\n  ratio_update_every: 50\ntrain:\n  n_restarts: 64\n  adam_steps: 400\n  adam_lr: 0.05\n  lbfgs_steps: 0\n  grad_clip: 10.0\n  seed: 0\n  deterministic: true\n  batched: true\n  device: cuda\n  history_every: 10\nsolver:\n  integrator: etdrk4\n  n_grid: 128\n  horizon_growth_times: 40.0\n  dt: null\n  noise: 0.01\n  robustness_samples: 200\n  robustness_sigma_log: 0.1\n  morphology_rollout: true\n  morphology_integrator: etdrk4_rfft\n  morphology_max_steps: 15000\n  morphology_early_stop: true\n  morphology_check_every: 200\n  morphology_saturation_tol: 0.01\n  morphology_saturation_window: 5\n  save_plot_arrays: true\ntracking:\n  backend: noop\n  project: rngrn-inverse-turing\n  run_name: nc1_m3_registry\n  index_backend: jsonl\n",
  "dataset_id": "three_gene_qvar",
  "sample_key": "sample_0001",
  "form": "nc1",
  "seeds": "[0, 1, 2, 3, 4, 5, 6, 7]",
  "n_seeds_requested": 8,
  "run_ids": "{\"0\": \"nc1_m3_registry_20260819_004735_seed0\", \"1\": \"nc1_m3_registry_20260819_004735_seed1\", \"2\": \"nc1_m3_registry_20260819_004735_seed2\", \"3\": \"nc1_m3_registry_20260819_004735_seed3\", \"4\": \"nc1_m3_registry_20260819_004735_seed4\", \"5\": \"nc1_m3_registry_20260819_004735_seed5\", \"6\": \"nc1_m3_registry_20260819_004735_seed6\", \"7\": \"nc1_m3_registry_20260819_004735_seed7\"}",
  "seed_errors": "{}",
  "n_recovered": 8,
  "n_turing": 8,
  "recovered_frac": 1.0,
  "turing_frac": 1.0,
  "reproducibility_sign_zero_rtol": 0.05,
  "topology_K": 8,
  "topology_consistency": 0.125,
  "mean_agreement": 0.3888888888888889,
  "modal_fraction": 0.125,
  "n_distinct_structures": 8,
  "modal_structure": "[[-1, 0, 1], [0, -1, 1], [0, -1, 1]]",
  "kstar_spread": 0.016775724688923563,
  "Dratio_spread": 0.2128113206598219,
  "topology_consistency_rtol_0p02": 0.125,
  "topology_consistency_rtol_0p05": 0.125,
  "topology_consistency_rtol_0p10": 0.125,
  "topology_consistency_rtol_0p02_status": "ok",
  "topology_consistency_rtol_0p05_status": "ok",
  "topology_consistency_rtol_0p10_status": "ok",
  "reproducibility_status": "ok",
  "reproducibility_error": null,
  "robustness_status": "ok",
  "robustness_n_used": 8,
  "turing_volume_1pct_mean": 1.0,
  "turing_volume_1pct_median": 1.0,
  "turing_volume_4p8pct_mean": 1.0,
  "turing_volume_4p8pct_median": 1.0,
  "turing_volume_10pct_mean": 0.99875,
  "turing_volume_10pct_median": 1.0,
  "turing_volume_20pct_mean": 0.93125,
  "turing_volume_20pct_median": 0.9375,
  "pattern_n_used": 8,
  "kstar_fft_rel_err_mean": 0.027812090716018673,
  "kstar_fft_rel_err_median": 0.030511223699668827,
  "kstar_rel_err_mean": 0.036475905886364235,
  "kstar_rel_err_median": 0.03123333684617171,
  "trivial_kstar_fft_err_mean": 0.2949058605407441,
  "kstar_fft_bin_width_rel_fft_mean": 0.11751568990987597,
  "trivial_kstar_err_mean": 0.24999999999999994,
  "kstar_fft_bin_width_mean": 0.125,
  "morphology_n_compared": 8,
  "morphology_match_frac": 0.875,
  "plausibility_n_used": 8,
  "plausibility_score_mean": 1.0,
  "plausibility_alpha_in_box_frac": 1.0,
  "plausibility_alpha_in_box_n_scored": 8,
  "plausibility_delta_in_box_frac": 1.0,
  "plausibility_delta_in_box_n_scored": 8,
  "plausibility_beta_in_box_frac": NaN,
  "plausibility_beta_in_box_n_scored": 0,
  "plausibility_d_ratio_in_box_frac": 1.0,
  "plausibility_d_ratio_in_box_n_scored": 8,
  "per_seed": "[{\"seed\": 0, \"run_id\": \"nc1_m3_registry_20260819_004735_seed0\", \"status\": \"ok\", \"recovered_turing\": true, \"kstar_model\": 0.2801822563507957, \"kstar_fft_rel_err\": 0.030511223699668827, \"kstar_rel_err\": 0.03123333684617171, \"trivial_kstar_fft_err\": 0.2949058605407441, \"kstar_fft_bin_width_rel_fft\": 0.11751568990987597, \"trivial_kstar_err\": 0.24999999999999994, \"kstar_fft_bin_width\": 0.125, \"morphology_scored\": \"compared\", \"morphology_match\": true, \"morphology_distance\": 0.2669417218359958, \"plausibility_score\": 1.0}, {\"seed\": 1, \"run_id\": \"nc1_m3_registry_20260819_004735_seed1\", \"status\": \"ok\", \"recovered_turing\": true, \"kstar_model\": 0.2915773481910051, \"kstar_fft_rel_err\": 0.008918159830467598, \"kstar_rel_err\": 0.07317388916771196, \"trivial_kstar_fft_err\": 0.2949058605407441, \"kstar_fft_bin_width_rel_fft\": 0.11751568990987597, \"trivial_kstar_err\": 0.24999999999999994, \"kstar_fft_bin_width\": 0.125, \"morphology_scored\": \"compared\", \"morphology_match\": true, \"morphology_distance\": 0.7092064443563203, \"plausibility_score\": 1.0}, {\"seed\": 2, \"run_id\": \"nc1_m3_registry_20260819_004735_seed2\", \"status\": \"ok\", \"recovered_turing\": true, \"kstar_model\": 0.27448471043069095, \"kstar_fft_rel_err\": 0.050225915464737134, \"kstar_rel_err\": 0.010263060685401483, \"trivial_kstar_fft_err\": 0.2949058605407441, \"kstar_fft_bin_width_rel_fft\": 0.11751568990987597, \"trivial_kstar_err\": 0.24999999999999994, \"kstar_fft_bin_width\": 0.125, \"morphology_scored\": \"compared\", \"morphology_match\": true, \"morphology_distance\": 0.2330707436190756, \"plausibility_score\": 1.0}, {\"seed\": 3, \"run_id\": \"nc1_m3_registry_20260819_004735_seed3\", \"status\": \"ok\", \"recovered_turing\": true, \"kstar_model\": 0.2801822563507957, \"kstar_fft_rel_err\": 0.030511223699668827, \"kstar_rel_err\": 0.03123333684617171, \"trivial_kstar_fft_err\": 0.2949058605407441, \"kstar_fft_bin_width_rel_fft\": 0.11751568990987597, \"trivial_kstar_err\": 0.24999999999999994, \"kstar_fft_bin_width\": 0.125, \"morphology_scored\": \"compared\", \"morphology_match\": true, \"morphology_distance\": 0.5728665313823723, \"plausibility_score\": 1.0}, {\"seed\": 4, \"run_id\": \"nc1_m3_registry_20260819_004735_seed4\", \"status\": \"ok\", \"recovered_turing\": true, \"kstar_model\": 0.2801822563507957, \"kstar_fft_rel_err\": 0.030511223699668827, \"kstar_rel_err\": 0.03123333684617171, \"trivial_kstar_fft_err\": 0.2949058605407441, \"kstar_fft_bin_width_rel_fft\": 0.11751568990987597, \"trivial_kstar_err\": 0.24999999999999994, \"kstar_fft_bin_width\": 0.125, \"morphology_scored\": \"compared\", \"morphology_match\": true, \"morphology_distance\": 0.48528196148153635, \"plausibility_score\": 1.0}, {\"seed\": 5, \"run_id\": \"nc1_m3_registry_20260819_004735_seed5\", \"status\": \"ok\", \"recovered_turing\": true, \"kstar_model\": 0.28587980227090043, \"kstar_fft_rel_err\": 0.010796531934600518, \"kstar_rel_err\": 0.052203613006941936, \"trivial_kstar_fft_err\": 0.2949058605407441, \"kstar_fft_bin_width_rel_fft\": 0.11751568990987597, \"trivial_kstar_err\": 0.24999999999999994, \"kstar_fft_bin_width\": 0.125, \"morphology_scored\": \"compared\", \"morphology_match\": false, \"morphology_distance\": 0.6355097041041413, \"plausibility_score\": 1.0}, {\"seed\": 6, \"run_id\": \"nc1_m3_registry_20260819_004735_seed6\", \"status\": \"ok\", \"recovered_turing\": true, \"kstar_model\": 0.2801822563507957, \"kstar_fft_rel_err\": 0.030511223699668827, \"kstar_rel_err\": 0.03123333684617171, \"trivial_kstar_fft_err\": 0.2949058605407441, \"kstar_fft_bin_width_rel_fft\": 0.11751568990987597, \"trivial_kstar_err\": 0.24999999999999994, \"kstar_fft_bin_width\": 0.125, \"morphology_scored\": \"compared\", \"morphology_match\": true, \"morphology_distance\": 0.46680588464523454, \"plausibility_score\": 1.0}, {\"seed\": 7, \"run_id\": \"nc1_m3_registry_20260819_004735_seed7\", \"status\": \"ok\", \"recovered_turing\": true, \"kstar_model\": 0.2801822563507957, \"kstar_fft_rel_err\": 0.030511223699668827, \"kstar_rel_err\": 0.03123333684617171, \"trivial_kstar_fft_err\": 0.2949058605407441, \"kstar_fft_bin_width_rel_fft\": 0.11751568990987597, \"trivial_kstar_err\": 0.24999999999999994, \"kstar_fft_bin_width\": 0.125, \"morphology_scored\": \"compared\", \"morphology_match\": true, \"morphology_distance\": 0.44121197178508476, \"plausibility_score\": 1.0}]"
}
guarded_run: END rc=0 MemAvailable=12178MB
=== 2026-08-19T02:04:31+01:00 cell 0p01 exit 0 ===
