=== 2026-08-19T16:38:10+01:00 starting cell 0p048 ===
guarded_run: START MemAvailable=15372MB oom_score_adj=500 -- timeout 2400 .venv/bin/python -m rngrn.cli --runs-root experiments/claim_wnoise/sigma_w_0p048 target-report --config configs/nc1_m3_registry.yaml --dataset-id three_gene_qvar --sample-key sample_0001 --form nc1 --seeds 0 1 2 3 4 5 6 7 --workers 4 -o train.batched=true -o train.device=cuda -o model.dispersion_backend=cubic -o train.n_restarts=64 -o train.lbfgs_steps=0 -o train.adam_steps=400 -o loss.weights.param_prior=1.0 -o loss.weights.turing=8.0 -o loss.weights.kstar=8.0 -o train.weight_noise_sigma=0.048 -o train.weight_noise_seed=5348
{
  "report_id": "target_report_nc1_m3_registry_20260819_160252",
  "git_sha": "5300e24",
  "config_id": "ec5c882fedad",
  "frozen_config": "data:\n  source: registry\n  system: schnakenberg\n  dataset_hash: null\n  cache_root: data/cache\n  datasets_root: data/datasets\n  dataset_id: three_gene_qvar\n  hdf5_path: null\n  sample_key: sample_0001\n  L: 100.0\n  L_override: null\n  resolution: 128\n  T_max: 4000.0\n  dt: 0.1\n  seed: 0\n  obs_noise_sigma: 0.0\n  obs_noise_seed: null\nmodel:\n  architecture: gated_promoter\n  N: 3\n  m: 3\n  form: nc1\n  n_hill: 2\n  seed: null\n  observed_idx:\n  - 0\n  - 1\n  - 2\n  nondim: false\n  dispersion_backend: cubic\n  init: default\n  d_init_from_kstar: false\nloss:\n  weights:\n    kstar: 8.0\n    turing: 8.0\n    resid: 0.0\n    anticollapse: 0.5\n    anchor: 2.0\n    morphology: 0.1\n    param_prior: 1.0\n  strategy: fixed\n  tau: 0.12\n  jac_floor: 1.0\n  split_hinges: true\n  hinge_k_min_frac: 0.1\n  staging_keys:\n  - turing\n  staging_off_frac: 0.25\n  staging_ramp_frac: 0.25\n  detach_xstar: false\n  dratio_centre: 7.5\n  dratio_spread: 1.0\n  bio_box_path: configs/bio_box.yaml\n  ratio_update_every: 50\ntrain:\n  n_restarts: 64\n  adam_steps: 400\n  adam_lr: 0.05\n  lbfgs_steps: 0\n  grad_clip: 10.0\n  seed: 0\n  deterministic: true\n  batched: true\n  device: cuda\n  history_every: 10\n  weight_noise_sigma: 0.048\n  weight_noise_seed: 5348\nsolver:\n  integrator: etdrk4\n  n_grid: 128\n  horizon_growth_times: 40.0\n  dt: null\n  noise: 0.01\n  robustness_samples: 200\n  robustness_sigma_log: 0.1\n  morphology_rollout: true\n  morphology_integrator: etdrk4_rfft\n  morphology_max_steps: 15000\n  morphology_early_stop: true\n  morphology_check_every: 200\n  morphology_saturation_tol: 0.01\n  morphology_saturation_window: 5\n  save_plot_arrays: true\ntracking:\n  backend: noop\n  project: rngrn-inverse-turing\n  run_name: nc1_m3_registry\n  index_backend: jsonl\n",
  "dataset_id": "three_gene_qvar",
  "sample_key": "sample_0001",
  "form": "nc1",
  "seeds": "[0, 1, 2, 3, 4, 5, 6, 7]",
  "n_seeds_requested": 8,
  "run_ids": "{\"0\": \"nc1_m3_registry_20260819_160252_seed0\", \"1\": \"nc1_m3_registry_20260819_160252_seed1\", \"2\": \"nc1_m3_registry_20260819_160252_seed2\", \"3\": \"nc1_m3_registry_20260819_160252_seed3\", \"4\": \"nc1_m3_registry_20260819_160252_seed4\", \"5\": \"nc1_m3_registry_20260819_160252_seed5\", \"6\": \"nc1_m3_registry_20260819_160252_seed6\", \"7\": \"nc1_m3_registry_20260819_160252_seed7\"}",
  "seed_errors": "{}",
  "n_recovered": 8,
  "n_turing": 6,
  "recovered_frac": 1.0,
  "turing_frac": 0.75,
  "reproducibility_sign_zero_rtol": 0.05,
  "topology_K": 8,
  "topology_consistency": 0.125,
  "mean_agreement": 0.46031746031746035,
  "modal_fraction": 0.125,
  "n_distinct_structures": 8,
  "modal_structure": "[[-1, 0, 0], [0, 0, -1], [0, 1, -1]]",
  "kstar_spread": 0.37331220350343636,
  "Dratio_spread": 0.5407259726391093,
  "topology_consistency_rtol_0p02": 0.25,
  "topology_consistency_rtol_0p05": 0.125,
  "topology_consistency_rtol_0p10": 0.25,
  "topology_consistency_rtol_0p02_status": "ok",
  "topology_consistency_rtol_0p05_status": "ok",
  "topology_consistency_rtol_0p10_status": "ok",
  "reproducibility_status": "ok",
  "reproducibility_error": null,
  "robustness_status": "ok",
  "robustness_n_used": 6,
  "turing_volume_1pct_mean": 1.0,
  "turing_volume_1pct_median": 1.0,
  "turing_volume_4p8pct_mean": 1.0,
  "turing_volume_4p8pct_median": 1.0,
  "turing_volume_10pct_mean": 0.9925,
  "turing_volume_10pct_median": 1.0,
  "turing_volume_20pct_mean": 0.9558333333333334,
  "turing_volume_20pct_median": 0.9924999999999999,
  "pattern_n_used": 8,
  "kstar_fft_rel_err_mean": 0.1724986883940722,
  "kstar_fft_rel_err_median": 0.059142407449396237,
  "kstar_rel_err_mean": 0.20164559115486846,
  "kstar_rel_err_median": 0.11508309963611958,
  "trivial_kstar_fft_err_mean": 0.2949058605407441,
  "kstar_fft_bin_width_rel_fft_mean": 0.11751568990987597,
  "trivial_kstar_err_mean": 0.24999999999999994,
  "kstar_fft_bin_width_mean": 0.125,
  "morphology_n_compared": 5,
  "morphology_match_frac": 0.8,
  "plausibility_n_used": 8,
  "plausibility_score_mean": 0.9166666666666666,
  "plausibility_alpha_in_box_frac": 1.0,
  "plausibility_alpha_in_box_n_scored": 8,
  "plausibility_delta_in_box_frac": 0.75,
  "plausibility_delta_in_box_n_scored": 8,
  "plausibility_beta_in_box_frac": NaN,
  "plausibility_beta_in_box_n_scored": 0,
  "plausibility_d_ratio_in_box_frac": 1.0,
  "plausibility_d_ratio_in_box_n_scored": 8,
  "per_seed": "[{\"seed\": 0, \"run_id\": \"nc1_m3_registry_20260819_160252_seed0\", \"status\": \"ok\", \"recovered_turing\": true, \"kstar_model\": 0.30866130981742307, \"kstar_fft_rel_err\": 0.06803221390111797, \"kstar_rel_err\": 0.13605278444117028, \"trivial_kstar_fft_err\": 0.2949058605407441, \"kstar_fft_bin_width_rel_fft\": 0.11751568990987597, \"trivial_kstar_err\": 0.24999999999999994, \"kstar_fft_bin_width\": 0.125, \"morphology_scored\": \"compared\", \"morphology_match\": true, \"morphology_distance\": 0.4434631668381399, \"plausibility_score\": 1.0}, {\"seed\": 1, \"run_id\": \"nc1_m3_registry_20260819_160252_seed1\", \"status\": \"ok\", \"recovered_turing\": true, \"kstar_model\": 0.31435869506838154, \"kstar_fft_rel_err\": 0.08774634971758327, \"kstar_rel_err\": 0.1570224692462209, \"trivial_kstar_fft_err\": 0.2949058605407441, \"kstar_fft_bin_width_rel_fft\": 0.11751568990987597, \"trivial_kstar_err\": 0.24999999999999994, \"kstar_fft_bin_width\": 0.125, \"morphology_scored\": \"compared\", \"morphology_match\": true, \"morphology_distance\": 0.27694464300758503, \"plausibility_score\": 1.0}, {\"seed\": 2, \"run_id\": \"nc1_m3_registry_20260819_160252_seed2\", \"status\": \"ok\", \"recovered_turing\": false, \"kstar_model\": 0.2801743835626306, \"kstar_fft_rel_err\": 0.030538465181208996, \"kstar_rel_err\": 0.031204360415916885, \"trivial_kstar_fft_err\": 0.2949058605407441, \"kstar_fft_bin_width_rel_fft\": 0.11751568990987597, \"trivial_kstar_err\": 0.24999999999999994, \"kstar_fft_bin_width\": 0.125, \"morphology_scored\": \"target_only\", \"morphology_match\": null, \"morphology_distance\": null, \"plausibility_score\": 0.6666666666666666}, {\"seed\": 3, \"run_id\": \"nc1_m3_registry_20260819_160252_seed3\", \"status\": \"ok\", \"recovered_turing\": true, \"kstar_model\": 0.27447699831167205, \"kstar_fft_rel_err\": 0.0502526009976745, \"kstar_rel_err\": 0.010234675610866082, \"trivial_kstar_fft_err\": 0.2949058605407441, \"kstar_fft_bin_width_rel_fft\": 0.11751568990987597, \"trivial_kstar_err\": 0.24999999999999994, \"kstar_fft_bin_width\": 0.125, \"morphology_scored\": \"compared\", \"morphology_match\": false, \"morphology_distance\": 0.7975162073337566, \"plausibility_score\": 1.0}, {\"seed\": 4, \"run_id\": \"nc1_m3_registry_20260819_160252_seed4\", \"status\": \"ok\", \"recovered_turing\": true, \"kstar_model\": 0.29726653931550606, \"kstar_fft_rel_err\": 0.02860394226818714, \"kstar_rel_err\": 0.09411341483106889, \"trivial_kstar_fft_err\": 0.2949058605407441, \"kstar_fft_bin_width_rel_fft\": 0.11751568990987597, \"trivial_kstar_err\": 0.24999999999999994, \"kstar_fft_bin_width\": 0.125, \"morphology_scored\": \"compared\", \"morphology_match\": true, \"morphology_distance\": 0.5321454344557207, \"plausibility_score\": 1.0}, {\"seed\": 5, \"run_id\": \"nc1_m3_registry_20260819_160252_seed5\", \"status\": \"ok\", \"recovered_turing\": true, \"kstar_model\": 0.2801743835626306, \"kstar_fft_rel_err\": 0.030538465181208996, \"kstar_rel_err\": 0.031204360415916885, \"trivial_kstar_fft_err\": 0.2949058605407441, \"kstar_fft_bin_width_rel_fft\": 0.11751568990987597, \"trivial_kstar_err\": 0.24999999999999994, \"kstar_fft_bin_width\": 0.125, \"morphology_scored\": \"target_only\", \"morphology_match\": null, \"morphology_distance\": null, \"plausibility_score\": 1.0}, {\"seed\": 6, \"run_id\": \"nc1_m3_registry_20260819_160252_seed6\", \"status\": \"ok\", \"recovered_turing\": true, \"kstar_model\": 0.3200560803193401, \"kstar_fft_rel_err\": 0.10746048553404879, \"kstar_rel_err\": 0.1779921540512717, \"trivial_kstar_fft_err\": 0.2949058605407441, \"kstar_fft_bin_width_rel_fft\": 0.11751568990987597, \"trivial_kstar_err\": 0.24999999999999994, \"kstar_fft_bin_width\": 0.125, \"morphology_scored\": \"compared\", \"morphology_match\": true, \"morphology_distance\": 0.7272769682815421, \"plausibility_score\": 1.0}, {\"seed\": 7, \"run_id\": \"nc1_m3_registry_20260819_160252_seed7\", \"status\": \"ok\", \"recovered_turing\": false, \"kstar_model\": 0.006699891516622658, \"kstar_fft_rel_err\": 0.976816984371548, \"kstar_rel_err\": 0.9753405102265159, \"trivial_kstar_fft_err\": 0.2949058605407441, \"kstar_fft_bin_width_rel_fft\": 0.11751568990987597, \"trivial_kstar_err\": 0.24999999999999994, \"kstar_fft_bin_width\": 0.125, \"morphology_scored\": \"target_only\", \"morphology_match\": null, \"morphology_distance\": null, \"plausibility_score\": 0.6666666666666666}]"
}
guarded_run: END rc=0 MemAvailable=15350MB
=== 2026-08-19T17:06:07+01:00 cell 0p048 exit 0 ===
