guarded_run: START MemAvailable=14936MB oom_score_adj=500 -- env KMP_AFFINITY=disabled OMP_NUM_THREADS=1 .venv/bin/rngrn --runs-root experiments/diag_fft/d5 target-report --config configs/m3_registry.yaml --dataset-id turing_labyrinth --sample-key sample_0000 --form competitive --seeds 0 1 2 3 4 5 6 7 8 9 --workers 4
{
  "report_id": "target_report_m3_registry_20260812_092043",
  "git_sha": "1b9ecda",
  "config_id": "6616e97bbae9",
  "frozen_config": "data:\n  source: registry\n  system: schnakenberg\n  dataset_hash: null\n  cache_root: data/cache\n  datasets_root: data/datasets\n  dataset_id: turing_labyrinth\n  hdf5_path: null\n  sample_key: sample_0000\n  L: 100.0\n  L_override: null\n  resolution: 128\n  T_max: 4000.0\n  dt: 0.1\n  seed: 0\nmodel:\n  architecture: gated_promoter\n  N: 3\n  m: 3\n  form: competitive\n  n_hill: 2\n  seed: null\n  observed_idx:\n  - 0\n  - 1\n  - 2\n  nondim: false\n  dispersion_backend: eig\n  init: default\n  d_init_from_kstar: false\nloss:\n  weights:\n    kstar: 1.0\n    turing: 1.0\n    resid: 0.0\n    anticollapse: 0.5\n    anchor: 2.0\n    morphology: 0.1\n    param_prior: 0.0\n  strategy: fixed\n  tau: 0.12\n  jac_floor: 1.0\n  split_hinges: true\n  hinge_k_min_frac: 0.1\n  staging_keys:\n  - turing\n  staging_off_frac: 0.25\n  staging_ramp_frac: 0.25\n  detach_xstar: false\n  dratio_centre: 7.5\n  dratio_spread: 1.0\n  bio_box_path: configs/bio_box.yaml\n  ratio_update_every: 50\ntrain:\n  n_restarts: 4\n  adam_steps: 2000\n  adam_lr: 0.05\n  lbfgs_steps: 50\n  grad_clip: 10.0\n  seed: 0\n  deterministic: true\n  batched: false\n  device: cpu\n  history_every: 10\nsolver:\n  integrator: etdrk4\n  n_grid: 128\n  horizon_growth_times: 40.0\n  dt: null\n  noise: 0.01\n  robustness_samples: 200\n  robustness_sigma_log: 0.1\n  morphology_rollout: true\n  morphology_integrator: etdrk4_rfft\n  morphology_max_steps: 15000\n  morphology_early_stop: true\n  morphology_check_every: 200\n  morphology_saturation_tol: 0.01\n  morphology_saturation_window: 5\n  save_plot_arrays: true\ntracking:\n  backend: noop\n  project: rngrn-inverse-turing\n  run_name: m3_registry\n  index_backend: jsonl\n",
  "dataset_id": "turing_labyrinth",
  "sample_key": "sample_0000",
  "form": "competitive",
  "seeds": "[0, 1, 2, 3, 4, 5, 6, 7, 8, 9]",
  "n_seeds_requested": 10,
  "run_ids": "{\"0\": \"m3_registry_20260812_092043_seed0\", \"1\": \"m3_registry_20260812_092043_seed1\", \"2\": \"m3_registry_20260812_092043_seed2\", \"3\": \"m3_registry_20260812_092043_seed3\", \"4\": \"m3_registry_20260812_092043_seed4\", \"5\": \"m3_registry_20260812_092043_seed5\", \"6\": \"m3_registry_20260812_092043_seed6\", \"7\": \"m3_registry_20260812_092043_seed7\", \"8\": \"m3_registry_20260812_092043_seed8\", \"9\": \"m3_registry_20260812_092043_seed9\"}",
  "seed_errors": "{}",
  "n_recovered": 10,
  "n_turing": 4,
  "recovered_frac": 1.0,
  "turing_frac": 0.4,
  "reproducibility_sign_zero_rtol": 0.05,
  "topology_K": 10,
  "topology_consistency": 0.1,
  "mean_agreement": 0.49876543209876545,
  "modal_fraction": 0.1,
  "n_distinct_structures": 10,
  "modal_structure": "[[-1, -1, 1], [0, -1, 1], [1, -1, -1]]",
  "kstar_spread": 1.155383470010433,
  "Dratio_spread": 2.135295343196498,
  "topology_consistency_rtol_0p02": 0.1,
  "topology_consistency_rtol_0p05": 0.1,
  "topology_consistency_rtol_0p10": 0.1,
  "topology_consistency_rtol_0p02_status": "ok",
  "topology_consistency_rtol_0p05_status": "ok",
  "topology_consistency_rtol_0p10_status": "ok",
  "reproducibility_status": "ok",
  "reproducibility_error": null,
  "robustness_status": "ok",
  "robustness_n_used": 4,
  "turing_volume_1pct_mean": 1.0,
  "turing_volume_1pct_median": 1.0,
  "turing_volume_4p8pct_mean": 0.7987500000000001,
  "turing_volume_4p8pct_median": 0.7825,
  "turing_volume_10pct_mean": 0.66875,
  "turing_volume_10pct_median": 0.665,
  "turing_volume_20pct_mean": 0.5475,
  "turing_volume_20pct_median": 0.575,
  "pattern_n_used": 10,
  "kstar_fft_rel_err_mean": 0.5915553846308315,
  "kstar_fft_rel_err_median": 0.976868414336446,
  "kstar_rel_err_mean": 0.6044796321087101,
  "kstar_rel_err_median": 0.975422690232474,
  "trivial_kstar_fft_err_mean": 0.2941176470588235,
  "kstar_fft_bin_width_rel_fft_mean": 0.11764705882352941,
  "trivial_kstar_err_mean": 0.24999999999999994,
  "kstar_fft_bin_width_mean": 0.125,
  "morphology_n_compared": 4,
  "morphology_match_frac": 1.0,
  "plausibility_n_used": 10,
  "plausibility_score_mean": 0.33333333333333337,
  "plausibility_alpha_in_box_frac": 0.0,
  "plausibility_alpha_in_box_n_scored": 10,
  "plausibility_delta_in_box_frac": 0.0,
  "plausibility_delta_in_box_n_scored": 10,
  "plausibility_beta_in_box_frac": NaN,
  "plausibility_beta_in_box_n_scored": 0,
  "plausibility_d_ratio_in_box_frac": 1.0,
  "plausibility_d_ratio_in_box_n_scored": 10,
  "per_seed": "[{\"seed\": 0, \"run_id\": \"m3_registry_20260812_092043_seed0\", \"status\": \"ok\", \"recovered_turing\": false, \"kstar_model\": 0.006677563515118489, \"kstar_fft_rel_err\": 0.976868414336446, \"kstar_rel_err\": 0.975422690232474, \"trivial_kstar_fft_err\": 0.2941176470588235, \"kstar_fft_bin_width_rel_fft\": 0.11764705882352941, \"trivial_kstar_err\": 0.24999999999999994, \"kstar_fft_bin_width\": 0.125, \"morphology_scored\": \"target_only\", \"morphology_match\": null, \"morphology_distance\": null, \"plausibility_score\": 0.3333333333333333}, {\"seed\": 1, \"run_id\": \"m3_registry_20260812_092043_seed1\", \"status\": \"ok\", \"recovered_turing\": true, \"kstar_model\": 0.2847553687383806, \"kstar_fft_rel_err\": 0.013585840072409903, \"kstar_rel_err\": 0.048065044923064515, \"trivial_kstar_fft_err\": 0.2941176470588235, \"kstar_fft_bin_width_rel_fft\": 0.11764705882352941, \"trivial_kstar_err\": 0.24999999999999994, \"kstar_fft_bin_width\": 0.125, \"morphology_scored\": \"compared\", \"morphology_match\": true, \"morphology_distance\": 1.8505654485214633, \"plausibility_score\": 0.3333333333333333}, {\"seed\": 2, \"run_id\": \"m3_registry_20260812_092043_seed2\", \"status\": \"ok\", \"recovered_turing\": false, \"kstar_model\": 0.006677563515118489, \"kstar_fft_rel_err\": 0.976868414336446, \"kstar_rel_err\": 0.975422690232474, \"trivial_kstar_fft_err\": 0.2941176470588235, \"kstar_fft_bin_width_rel_fft\": 0.11764705882352941, \"trivial_kstar_err\": 0.24999999999999994, \"kstar_fft_bin_width\": 0.125, \"morphology_scored\": \"target_only\", \"morphology_match\": null, \"morphology_distance\": null, \"plausibility_score\": 0.3333333333333333}, {\"seed\": 3, \"run_id\": \"m3_registry_20260812_092043_seed3\", \"status\": \"ok\", \"recovered_turing\": true, \"kstar_model\": 0.2847553687383806, \"kstar_fft_rel_err\": 0.013585840072409903, \"kstar_rel_err\": 0.048065044923064515, \"trivial_kstar_fft_err\": 0.2941176470588235, \"kstar_fft_bin_width_rel_fft\": 0.11764705882352941, \"trivial_kstar_err\": 0.24999999999999994, \"kstar_fft_bin_width\": 0.125, \"morphology_scored\": \"compared\", \"morphology_match\": true, \"morphology_distance\": 2.114564419376074, \"plausibility_score\": 0.3333333333333333}, {\"seed\": 4, \"run_id\": \"m3_registry_20260812_092043_seed4\", \"status\": \"ok\", \"recovered_turing\": false, \"kstar_model\": 0.006677563515118489, \"kstar_fft_rel_err\": 0.976868414336446, \"kstar_rel_err\": 0.975422690232474, \"trivial_kstar_fft_err\": 0.2941176470588235, \"kstar_fft_bin_width_rel_fft\": 0.11764705882352941, \"trivial_kstar_err\": 0.24999999999999994, \"kstar_fft_bin_width\": 0.125, \"morphology_scored\": \"target_only\", \"morphology_match\": null, \"morphology_distance\": null, \"plausibility_score\": 0.3333333333333333}, {\"seed\": 5, \"run_id\": \"m3_registry_20260812_092043_seed5\", \"status\": \"ok\", \"recovered_turing\": true, \"kstar_model\": 0.2847553687383806, \"kstar_fft_rel_err\": 0.013585840072409903, \"kstar_rel_err\": 0.048065044923064515, \"trivial_kstar_fft_err\": 0.2941176470588235, \"kstar_fft_bin_width_rel_fft\": 0.11764705882352941, \"trivial_kstar_err\": 0.24999999999999994, \"kstar_fft_bin_width\": 0.125, \"morphology_scored\": \"compared\", \"morphology_match\": true, \"morphology_distance\": 2.2141625343892213, \"plausibility_score\": 0.3333333333333333}, {\"seed\": 6, \"run_id\": \"m3_registry_20260812_092043_seed6\", \"status\": \"ok\", \"recovered_turing\": true, \"kstar_model\": 0.2847553687383806, \"kstar_fft_rel_err\": 0.013585840072409903, \"kstar_rel_err\": 0.048065044923064515, \"trivial_kstar_fft_err\": 0.2941176470588235, \"kstar_fft_bin_width_rel_fft\": 0.11764705882352941, \"trivial_kstar_err\": 0.24999999999999994, \"kstar_fft_bin_width\": 0.125, \"morphology_scored\": \"compared\", \"morphology_match\": true, \"morphology_distance\": 2.2618719904522733, \"plausibility_score\": 0.3333333333333333}, {\"seed\": 7, \"run_id\": \"m3_registry_20260812_092043_seed7\", \"status\": \"ok\", \"recovered_turing\": false, \"kstar_model\": 0.006677563515118489, \"kstar_fft_rel_err\": 0.976868414336446, \"kstar_rel_err\": 0.975422690232474, \"trivial_kstar_fft_err\": 0.2941176470588235, \"kstar_fft_bin_width_rel_fft\": 0.11764705882352941, \"trivial_kstar_err\": 0.24999999999999994, \"kstar_fft_bin_width\": 0.125, \"morphology_scored\": \"target_only\", \"morphology_match\": null, \"morphology_distance\": null, \"plausibility_score\": 0.3333333333333333}, {\"seed\": 8, \"run_id\": \"m3_registry_20260812_092043_seed8\", \"status\": \"ok\", \"recovered_turing\": false, \"kstar_model\": 0.006677563515118489, \"kstar_fft_rel_err\": 0.976868414336446, \"kstar_rel_err\": 0.975422690232474, \"trivial_kstar_fft_err\": 0.2941176470588235, \"kstar_fft_bin_width_rel_fft\": 0.11764705882352941, \"trivial_kstar_err\": 0.24999999999999994, \"kstar_fft_bin_width\": 0.125, \"morphology_scored\": \"target_only\", \"morphology_match\": null, \"morphology_distance\": null, \"plausibility_score\": 0.3333333333333333}, {\"seed\": 9, \"run_id\": \"m3_registry_20260812_092043_seed9\", \"status\": \"ok\", \"recovered_turing\": false, \"kstar_model\": 0.006677563515118489, \"kstar_fft_rel_err\": 0.976868414336446, \"kstar_rel_err\": 0.975422690232474, \"trivial_kstar_fft_err\": 0.2941176470588235, \"kstar_fft_bin_width_rel_fft\": 0.11764705882352941, \"trivial_kstar_err\": 0.24999999999999994, \"kstar_fft_bin_width\": 0.125, \"morphology_scored\": \"target_only\", \"morphology_match\": null, \"morphology_distance\": null, \"plausibility_score\": 0.3333333333333333}]"
}
guarded_run: END rc=0 MemAvailable=14743MB
