=== 2026-08-19T12:50:18+01:00 starting cell sample_0001 ===
guarded_run: START MemAvailable=12191MB oom_score_adj=500 -- timeout 2400 .venv/bin/python -m rngrn.cli --runs-root experiments/form_compare/comp_0001 target-report --config configs/m3_registry.yaml --dataset-id three_gene_qvar --form competitive --seeds 0 1 2 3 4 5 6 7 --workers 4 -o train.batched=true -o train.device=cuda -o model.dispersion_backend=cubic -o train.n_restarts=64 -o train.lbfgs_steps=0 -o train.adam_steps=400 -o loss.weights.param_prior=1.0 -o loss.weights.turing=8.0 -o loss.weights.kstar=8.0 --sample-key sample_0001
{
  "report_id": "target_report_m3_registry_20260819_115930",
  "git_sha": "370bdde",
  "config_id": "9c754b5ba31c",
  "frozen_config": "data:\n  source: registry\n  system: schnakenberg\n  dataset_hash: null\n  cache_root: data/cache\n  datasets_root: data/datasets\n  dataset_id: three_gene_qvar\n  hdf5_path: null\n  sample_key: sample_0001\n  L: 100.0\n  L_override: null\n  resolution: 128\n  T_max: 4000.0\n  dt: 0.1\n  seed: 0\n  obs_noise_sigma: 0.0\n  obs_noise_seed: null\nmodel:\n  architecture: gated_promoter\n  N: 3\n  m: 3\n  form: competitive\n  n_hill: 2\n  seed: null\n  observed_idx:\n  - 0\n  - 1\n  - 2\n  nondim: false\n  dispersion_backend: cubic\n  init: default\n  d_init_from_kstar: false\nloss:\n  weights:\n    kstar: 8.0\n    turing: 8.0\n    resid: 0.0\n    anticollapse: 0.5\n    anchor: 2.0\n    morphology: 0.1\n    param_prior: 1.0\n  strategy: fixed\n  tau: 0.12\n  jac_floor: 1.0\n  split_hinges: true\n  hinge_k_min_frac: 0.1\n  staging_keys:\n  - turing\n  staging_off_frac: 0.25\n  staging_ramp_frac: 0.25\n  detach_xstar: false\n  dratio_centre: 7.5\n  dratio_spread: 1.0\n  bio_box_path: configs/bio_box.yaml\n  ratio_update_every: 50\ntrain:\n  n_restarts: 64\n  adam_steps: 400\n  adam_lr: 0.05\n  lbfgs_steps: 0\n  grad_clip: 10.0\n  seed: 0\n  deterministic: true\n  batched: true\n  device: cuda\n  history_every: 10\nsolver:\n  integrator: etdrk4\n  n_grid: 128\n  horizon_growth_times: 40.0\n  dt: null\n  noise: 0.01\n  robustness_samples: 200\n  robustness_sigma_log: 0.1\n  morphology_rollout: true\n  morphology_integrator: etdrk4_rfft\n  morphology_max_steps: 15000\n  morphology_early_stop: true\n  morphology_check_every: 200\n  morphology_saturation_tol: 0.01\n  morphology_saturation_window: 5\n  save_plot_arrays: true\ntracking:\n  backend: noop\n  project: rngrn-inverse-turing\n  run_name: m3_registry\n  index_backend: jsonl\n",
  "dataset_id": "three_gene_qvar",
  "sample_key": "sample_0001",
  "form": "competitive",
  "seeds": "[0, 1, 2, 3, 4, 5, 6, 7]",
  "n_seeds_requested": 8,
  "run_ids": "{\"0\": \"m3_registry_20260819_115930_seed0\", \"1\": \"m3_registry_20260819_115930_seed1\", \"2\": \"m3_registry_20260819_115930_seed2\", \"3\": \"m3_registry_20260819_115930_seed3\", \"4\": \"m3_registry_20260819_115930_seed4\", \"5\": \"m3_registry_20260819_115930_seed5\", \"6\": \"m3_registry_20260819_115930_seed6\", \"7\": \"m3_registry_20260819_115930_seed7\"}",
  "seed_errors": "{}",
  "n_recovered": 8,
  "n_turing": 8,
  "recovered_frac": 1.0,
  "turing_frac": 1.0,
  "reproducibility_sign_zero_rtol": 0.05,
  "topology_K": 8,
  "topology_consistency": 0.25,
  "mean_agreement": 0.46825396825396826,
  "modal_fraction": 0.25,
  "n_distinct_structures": 7,
  "modal_structure": "[[-1, 1, 0], [-1, 1, 0], [0, 1, -1]]",
  "kstar_spread": 0.01426141124025568,
  "Dratio_spread": 0.23366820359142088,
  "topology_consistency_rtol_0p02": 0.25,
  "topology_consistency_rtol_0p05": 0.25,
  "topology_consistency_rtol_0p10": 0.25,
  "topology_consistency_rtol_0p02_status": "ok",
  "topology_consistency_rtol_0p05_status": "ok",
  "topology_consistency_rtol_0p10_status": "ok",
  "reproducibility_status": "ok",
  "reproducibility_error": null,
  "robustness_status": "ok",
  "robustness_n_used": 8,
  "turing_volume_1pct_mean": 1.0,
  "turing_volume_1pct_median": 1.0,
  "turing_volume_4p8pct_mean": 1.0,
  "turing_volume_4p8pct_median": 1.0,
  "turing_volume_10pct_mean": 0.96375,
  "turing_volume_10pct_median": 0.9775,
  "turing_volume_20pct_mean": 0.8143750000000001,
  "turing_volume_20pct_median": 0.8125,
  "pattern_n_used": 8,
  "kstar_fft_rel_err_mean": 0.03793126611238358,
  "kstar_fft_rel_err_median": 0.04039553308944175,
  "kstar_rel_err_mean": 0.023340728614022806,
  "kstar_rel_err_median": 0.02071951801339148,
  "trivial_kstar_fft_err_mean": 0.2949058605407441,
  "kstar_fft_bin_width_rel_fft_mean": 0.11751568990987597,
  "trivial_kstar_err_mean": 0.24999999999999994,
  "kstar_fft_bin_width_mean": 0.125,
  "morphology_n_compared": 8,
  "morphology_match_frac": 1.0,
  "plausibility_n_used": 8,
  "plausibility_score_mean": 1.0,
  "plausibility_alpha_in_box_frac": 1.0,
  "plausibility_alpha_in_box_n_scored": 8,
  "plausibility_delta_in_box_frac": 1.0,
  "plausibility_delta_in_box_n_scored": 8,
  "plausibility_beta_in_box_frac": NaN,
  "plausibility_beta_in_box_n_scored": 0,
  "plausibility_d_ratio_in_box_frac": 1.0,
  "plausibility_d_ratio_in_box_n_scored": 8,
  "per_seed": "[{\"seed\": 0, \"run_id\": \"m3_registry_20260819_115930_seed0\", \"status\": \"ok\", \"recovered_turing\": true, \"kstar_model\": 0.2801743835626306, \"kstar_fft_rel_err\": 0.030538465181208996, \"kstar_rel_err\": 0.031204360415916885, \"trivial_kstar_fft_err\": 0.2949058605407441, \"kstar_fft_bin_width_rel_fft\": 0.11751568990987597, \"trivial_kstar_err\": 0.24999999999999994, \"kstar_fft_bin_width\": 0.125, \"morphology_scored\": \"compared\", \"morphology_match\": true, \"morphology_distance\": 0.35796441735177487, \"plausibility_score\": 1.0}, {\"seed\": 1, \"run_id\": \"m3_registry_20260819_115930_seed1\", \"status\": \"ok\", \"recovered_turing\": true, \"kstar_model\": 0.27447699831167205, \"kstar_fft_rel_err\": 0.0502526009976745, \"kstar_rel_err\": 0.010234675610866082, \"trivial_kstar_fft_err\": 0.2949058605407441, \"kstar_fft_bin_width_rel_fft\": 0.11751568990987597, \"trivial_kstar_err\": 0.24999999999999994, \"kstar_fft_bin_width\": 0.125, \"morphology_scored\": \"compared\", \"morphology_match\": true, \"morphology_distance\": 0.4861203235544088, \"plausibility_score\": 1.0}, {\"seed\": 2, \"run_id\": \"m3_registry_20260819_115930_seed2\", \"status\": \"ok\", \"recovered_turing\": true, \"kstar_model\": 0.27447699831167205, \"kstar_fft_rel_err\": 0.0502526009976745, \"kstar_rel_err\": 0.010234675610866082, \"trivial_kstar_fft_err\": 0.2949058605407441, \"kstar_fft_bin_width_rel_fft\": 0.11751568990987597, \"trivial_kstar_err\": 0.24999999999999994, \"kstar_fft_bin_width\": 0.125, \"morphology_scored\": \"compared\", \"morphology_match\": true, \"morphology_distance\": 0.19049020586525178, \"plausibility_score\": 1.0}, {\"seed\": 3, \"run_id\": \"m3_registry_20260819_115930_seed3\", \"status\": \"ok\", \"recovered_turing\": true, \"kstar_model\": 0.2801743835626306, \"kstar_fft_rel_err\": 0.030538465181208996, \"kstar_rel_err\": 0.031204360415916885, \"trivial_kstar_fft_err\": 0.2949058605407441, \"kstar_fft_bin_width_rel_fft\": 0.11751568990987597, \"trivial_kstar_err\": 0.24999999999999994, \"kstar_fft_bin_width\": 0.125, \"morphology_scored\": \"compared\", \"morphology_match\": true, \"morphology_distance\": 0.9264262377694301, \"plausibility_score\": 1.0}, {\"seed\": 4, \"run_id\": \"m3_registry_20260819_115930_seed4\", \"status\": \"ok\", \"recovered_turing\": true, \"kstar_model\": 0.27447699831167205, \"kstar_fft_rel_err\": 0.0502526009976745, \"kstar_rel_err\": 0.010234675610866082, \"trivial_kstar_fft_err\": 0.2949058605407441, \"kstar_fft_bin_width_rel_fft\": 0.11751568990987597, \"trivial_kstar_err\": 0.24999999999999994, \"kstar_fft_bin_width\": 0.125, \"morphology_scored\": \"compared\", \"morphology_match\": true, \"morphology_distance\": 0.41774004659179265, \"plausibility_score\": 1.0}, {\"seed\": 5, \"run_id\": \"m3_registry_20260819_115930_seed5\", \"status\": \"ok\", \"recovered_turing\": true, \"kstar_model\": 0.2801743835626306, \"kstar_fft_rel_err\": 0.030538465181208996, \"kstar_rel_err\": 0.031204360415916885, \"trivial_kstar_fft_err\": 0.2949058605407441, \"kstar_fft_bin_width_rel_fft\": 0.11751568990987597, \"trivial_kstar_err\": 0.24999999999999994, \"kstar_fft_bin_width\": 0.125, \"morphology_scored\": \"compared\", \"morphology_match\": true, \"morphology_distance\": 0.344626803064334, \"plausibility_score\": 1.0}, {\"seed\": 6, \"run_id\": \"m3_registry_20260819_115930_seed6\", \"status\": \"ok\", \"recovered_turing\": true, \"kstar_model\": 0.27447699831167205, \"kstar_fft_rel_err\": 0.0502526009976745, \"kstar_rel_err\": 0.010234675610866082, \"trivial_kstar_fft_err\": 0.2949058605407441, \"kstar_fft_bin_width_rel_fft\": 0.11751568990987597, \"trivial_kstar_err\": 0.24999999999999994, \"kstar_fft_bin_width\": 0.125, \"morphology_scored\": \"compared\", \"morphology_match\": true, \"morphology_distance\": 0.5937865902248696, \"plausibility_score\": 1.0}, {\"seed\": 7, \"run_id\": \"m3_registry_20260819_115930_seed7\", \"status\": \"ok\", \"recovered_turing\": true, \"kstar_model\": 0.28587176881358906, \"kstar_fft_rel_err\": 0.01082432936474368, \"kstar_rel_err\": 0.05217404522096748, \"trivial_kstar_fft_err\": 0.2949058605407441, \"kstar_fft_bin_width_rel_fft\": 0.11751568990987597, \"trivial_kstar_err\": 0.24999999999999994, \"kstar_fft_bin_width\": 0.125, \"morphology_scored\": \"compared\", \"morphology_match\": true, \"morphology_distance\": 0.30560584336895463, \"plausibility_score\": 1.0}]"
}
guarded_run: END rc=0 MemAvailable=10561MB
=== 2026-08-19T13:10:13+01:00 cell sample_0001 exit 0 ===
