{
  "report_id": "target_report_stripes_partial_20260819_183655",
  "git_sha": "48441e4",
  "config_id": "66513ba9890c",
  "frozen_config": "data:\n  source: registry\n  system: schnakenberg\n  dataset_hash: null\n  cache_root: data/cache\n  datasets_root: data/datasets\n  dataset_id: stripes_colony_2ch\n  hdf5_path: null\n  sample_key: sample_0005\n  L: 100.0\n  L_override: null\n  resolution: 128\n  T_max: 4000.0\n  dt: 0.1\n  seed: 0\nmodel:\n  architecture: gated_promoter\n  N: 3\n  m: 2\n  form: nc1\n  n_hill: 2\n  seed: null\n  observed_idx:\n  - 0\n  - 1\n  nondim: false\n  dispersion_backend: cubic\n  init: default\n  d_init_from_kstar: false\nloss:\n  weights:\n    kstar: 8.0\n    turing: 8.0\n    resid: 0.1\n    anticollapse: 0.5\n    anchor: 2.0\n    morphology: 0.1\n    param_prior: 1.0\n  strategy: fixed\n  tau: 0.12\n  jac_floor: 1.0\n  split_hinges: true\n  hinge_k_min_frac: 0.1\n  staging_keys:\n  - turing\n  staging_off_frac: 0.25\n  staging_ramp_frac: 0.25\n  detach_xstar: false\n  dratio_centre: 7.5\n  dratio_spread: 1.0\n  bio_box_path: configs/bio_box.yaml\n  ratio_update_every: 50\ntrain:\n  n_restarts: 8\n  adam_steps: 400\n  adam_lr: 0.05\n  lbfgs_steps: 0\n  grad_clip: 10.0\n  seed: 0\n  deterministic: true\n  batched: false\n  device: cuda\n  history_every: 10\nsolver:\n  integrator: etdrk4\n  n_grid: 128\n  horizon_growth_times: 40.0\n  dt: null\n  noise: 0.01\n  robustness_samples: 200\n  robustness_sigma_log: 0.1\n  morphology_rollout: true\n  morphology_integrator: etdrk4_rfft\n  morphology_max_steps: 15000\n  morphology_early_stop: true\n  morphology_check_every: 200\n  morphology_saturation_tol: 0.01\n  morphology_saturation_window: 5\n  save_plot_arrays: true\ntracking:\n  backend: noop\n  project: rngrn-inverse-turing\n  run_name: stripes_partial\n  index_backend: jsonl\n",
  "dataset_id": "stripes_colony_2ch",
  "sample_key": "sample_0005",
  "form": "nc1",
  "seeds": "[0]",
  "n_seeds_requested": 1,
  "run_ids": "{\"0\": \"stripes_partial_20260819_183655_seed0\"}",
  "seed_errors": "{}",
  "n_recovered": 1,
  "n_turing": 1,
  "recovered_frac": 1.0,
  "turing_frac": 1.0,
  "reproducibility_sign_zero_rtol": 0.05,
  "topology_K": 1,
  "topology_consistency": NaN,
  "mean_agreement": NaN,
  "modal_fraction": NaN,
  "n_distinct_structures": NaN,
  "modal_structure": null,
  "kstar_spread": NaN,
  "Dratio_spread": NaN,
  "topology_consistency_rtol_0p02": NaN,
  "topology_consistency_rtol_0p05": NaN,
  "topology_consistency_rtol_0p10": NaN,
  "topology_consistency_rtol_0p02_status": "not_computed",
  "topology_consistency_rtol_0p05_status": "not_computed",
  "topology_consistency_rtol_0p10_status": "not_computed",
  "reproducibility_status": "insufficient_seeds",
  "reproducibility_error": "only 1 seed(s) produced a scored recovery; reproducibility needs >= 2 seeds to compare against each other (see scoring.reproducibility.reproducibility_report)",
  "robustness_status": "ok",
  "robustness_n_used": 1,
  "turing_volume_1pct_mean": 0.0,
  "turing_volume_1pct_median": 0.0,
  "turing_volume_4p8pct_mean": 0.0,
  "turing_volume_4p8pct_median": 0.0,
  "turing_volume_10pct_mean": 0.0,
  "turing_volume_10pct_median": 0.0,
  "turing_volume_20pct_mean": 0.055,
  "turing_volume_20pct_median": 0.055,
  "pattern_n_used": 1,
  "kstar_fft_rel_err_mean": 0.019951331083064374,
  "kstar_fft_rel_err_median": 0.019951331083064374,
  "kstar_rel_err_mean": 0.019951331083064374,
  "kstar_rel_err_median": 0.019951331083064374,
  "trivial_kstar_fft_err_mean": 1.0856843367295972,
  "kstar_fft_bin_width_rel_fft_mean": 0.3476140561215995,
  "trivial_kstar_err_mean": 1.0856843367295972,
  "kstar_fft_bin_width_mean": 0.3476140561215995,
  "morphology_n_compared": 1,
  "morphology_match_frac": 0.0,
  "plausibility_n_used": 1,
  "plausibility_score_mean": 1.0,
  "plausibility_alpha_in_box_frac": 1.0,
  "plausibility_alpha_in_box_n_scored": 1,
  "plausibility_delta_in_box_frac": 1.0,
  "plausibility_delta_in_box_n_scored": 1,
  "plausibility_beta_in_box_frac": NaN,
  "plausibility_beta_in_box_n_scored": 0,
  "plausibility_d_ratio_in_box_frac": 1.0,
  "plausibility_d_ratio_in_box_n_scored": 1,
  "per_seed": "[{\"seed\": 0, \"run_id\": \"stripes_partial_20260819_183655_seed0\", \"status\": \"ok\", \"recovered_turing\": true, \"kstar_model\": 17.714552356035107, \"kstar_fft_rel_err\": 0.019951331083064374, \"kstar_rel_err\": 0.019951331083064374, \"trivial_kstar_fft_err\": 1.0856843367295972, \"kstar_fft_bin_width_rel_fft\": 0.3476140561215995, \"trivial_kstar_err\": 1.0856843367295972, \"kstar_fft_bin_width\": 0.3476140561215995, \"morphology_scored\": \"compared\", \"morphology_match\": false, \"morphology_distance\": 7.0634343960230295, \"plausibility_score\": 1.0}]"
}
